b453b512-2b56-4e15-8ae0-53df07a87235
d1b98530-5e3b-454f-9196-a8770a89a935
fe620403-5b61-4d77-9e8d-2fbd58c4c22f
9cc61d11-0709-4c46-b1ee-7ed3acc6e89f
b453b512-2b56-4e15-8ae0-53df07a87235
d1b98530-5e3b-454f-9196-a8770a89a935
fe620403-5b61-4d77-9e8d-2fbd58c4c22f
9cc61d11-0709-4c46-b1ee-7ed3acc6e89f
